[pflorido@cosmos3 ex4.12]$ ls /
afs   cvmfs  gpfs  lib64       lunarc  mnt  proc      run    srv         sys  var
bin   dev    home  local       media   net  projects  sbin   sw          tmp
boot  etc    lib   lost+found  misc    opt  root      share  sw_aurora2  usr
[pflorido@cosmos3 ex4.12]$ echo $?
0
[pflorido@cosmos3 ex4.12]$ ls /etc/MNXB01
ls: cannot access '/etc/MNXB01': No such file or directory
[pflorido@cosmos3 ex4.12]$ echo $?
2
[pflorido@cosmos3 ex4.12]$ ls /; ls /etc/MNXB01
afs   cvmfs  gpfs  lib64       lunarc  mnt  proc      run    srv         sys  var
bin   dev    home  local       media   net  projects  sbin   sw          tmp
boot  etc    lib   lost+found  misc    opt  root      share  sw_aurora2  usr
ls: cannot access '/etc/MNXB01': No such file or directory
[pflorido@cosmos3 ex4.12]$ echo $?
2
[pflorido@cosmos3 ex4.12]$ ls /etc/MNXB01; ls /
ls: cannot access '/etc/MNXB01': No such file or directory
afs   cvmfs  gpfs  lib64       lunarc  mnt  proc      run    srv         sys  var
bin   dev    home  local       media   net  projects  sbin   sw          tmp
boot  etc    lib   lost+found  misc    opt  root      share  sw_aurora2  usr
[pflorido@cosmos3 ex4.12]$ echo $?
0
